INFO: Constructing runner from config.
INFO: Configuring Android Instrumentation driver: android_instrumentation_runtime {
  instrumentation_info {
    app_package: "gov.anzong.androidnga.base.logger.test"
    test_package: "gov.anzong.androidnga.base.logger.test"
    test_runner_class: "androidx.test.runner.AndroidJUnitRunner"
  }
  instrumentation_args {
    args_map {
      key: "additionalTestOutputDir"
      value: "/sdcard/Android/media/gov.anzong.androidnga.base.logger.test/additional_test_output"
    }
  }
}
am_instrument_timeout: 31536000

INFO: Configuring AndroidTestApkInstallerPlugin: apks_to_install {
  apk_paths: "/home/toph/nga-just-works/lib_base_logger/build/outputs/apk/androidTest/debug/lib_base_logger-debug-androidTest.apk"
  install_options {
  }
  uninstall_after_test: true
}

INFO: No installables found in test fixture. Nothing to install.
INFO: Installing [/home/toph/nga-just-works/lib_base_logger/build/outputs/apk/androidTest/debug/lib_base_logger-debug-androidTest.apk] on device REDACTED_SERIAL_XIAOMI.
SEVERE: Test execution failed with fatal error!
INFO: Copying files from device to host: /sdcard/Android/media/gov.anzong.androidnga.base.logger.test/additional_test_output to /home/toph/nga-just-works/lib_base_logger/build/outputs/connected_android_test_additional_output/debugAndroidTest/connected/24129PN74C - 15
WARNING: Failed to retrieve additional test outputs from device.
WARNING: Failed to retrieve test storage service outputs from device.
INFO: Stop logcat streaming.
INFO: Uninstalling gov.anzong.androidnga.base.logger.test for device REDACTED_SERIAL_XIAOMI.
SEVERE: Plugin com.android.tools.utp.plugins.host.apkinstaller.AndroidTestApkInstallerPlugin.afterAll failure: com.google.testing.platform.api.plugin.PluginException: ErrorName: PLUGIN_ERROR
NameSpace: com.google.testing.platform
ErrorCode: 2002
ErrorType: TEST
Message: Exception thrown during onAfterAll invocation of plugin AndroidTestApkInstallerPlugin: device 'REDACTED_SERIAL_XIAOMI' not found
	at com.google.testing.platform.plugin.PluginLifecycleKt.invokeOrThrow(PluginLifecycle.kt:547)
	at com.google.testing.platform.plugin.PluginLifecycleKt.invokeOrThrow$default(PluginLifecycle.kt:517)
	at com.google.testing.platform.plugin.PluginLifecycle$onAfterAll$1$1$1.invoke(PluginLifecycle.kt:361)
	at com.google.testing.platform.plugin.PluginLifecycle$onAfterAll$1$1$1.invoke(PluginLifecycle.kt:358)
	at com.google.testing.platform.lib.cancellation.ProcessCancellationContext.runWithTimeoutDuringCancellation(ProcessCancellationContext.kt:153)
	at com.google.testing.platform.plugin.PluginLifecycle$onAfterAll$1$1.invoke(PluginLifecycle.kt:358)
	at com.google.testing.platform.plugin.PluginLifecycle$onAfterAll$1$1.invoke(PluginLifecycle.kt:341)
	at com.google.testing.platform.core.telemetry.common.noop.NoopDiagnosticsScope.recordEvent(NoopDiagnosticsScope.kt:35)
	at com.google.testing.platform.core.telemetry.SequentialEventRecordRequest.record$java_com_google_testing_platform_core_telemetry_telemetry_api(EventRecordRequest.kt:71)
	at com.google.testing.platform.core.telemetry.DiagnosticsExtKt.record(DiagnosticsExt.kt:27)
	at com.google.testing.platform.core.telemetry.TelemetryKt.createEvent(Telemetry.kt:60)
	at com.google.testing.platform.plugin.PluginLifecycle.onAfterAll(PluginLifecycle.kt:339)
	at com.google.testing.platform.executor.SingleDeviceExecutor.onAfterAll(SingleDeviceExecutor.kt:159)
	at com.google.testing.platform.executor.SingleDeviceExecutor.access$onAfterAll(SingleDeviceExecutor.kt:52)
	at com.google.testing.platform.executor.SingleDeviceExecutor$execute$1.invoke(SingleDeviceExecutor.kt:121)
	at com.google.testing.platform.executor.SingleDeviceExecutor$execute$1.invoke(SingleDeviceExecutor.kt:120)
	at com.google.testing.platform.result.TestResultListenerManager.afterTestSuite(TestResultListenerManager.kt:140)
	at com.google.testing.platform.executor.SingleDeviceExecutor.execute(SingleDeviceExecutor.kt:147)
	at com.google.testing.platform.RunnerImpl.run(RunnerImpl.kt:121)
	at com.google.testing.platform.server.strategy.NonInteractiveServerStrategy$run$4$2.invoke(NonInteractiveServerStrategy.kt:98)
	at com.google.testing.platform.server.strategy.NonInteractiveServerStrategy$run$4$2.invoke(NonInteractiveServerStrategy.kt:98)
	at com.google.testing.platform.core.telemetry.common.noop.NoopDiagnosticsScope.recordEvent(NoopDiagnosticsScope.kt:35)
	at com.google.testing.platform.core.telemetry.SequentialEventRecordRequest.record$java_com_google_testing_platform_core_telemetry_telemetry_api(EventRecordRequest.kt:71)
	at com.google.testing.platform.core.telemetry.DiagnosticsExtKt.record(DiagnosticsExt.kt:27)
	at com.google.testing.platform.core.telemetry.TelemetryKt.createEvent(Telemetry.kt:60)
	at com.google.testing.platform.server.strategy.NonInteractiveServerStrategy.run(NonInteractiveServerStrategy.kt:95)
	at com.google.testing.platform.main.MainKt$main$4.invokeSuspend(Main.kt:75)
	at kotlin.coroutines.jvm.internal.BaseContinuationImpl.resumeWith(ContinuationImpl.kt:33)
	at kotlinx.coroutines.DispatchedTask.run(DispatchedTask.kt:106)
	at kotlinx.coroutines.EventLoopImplBase.processNextEvent(EventLoop.common.kt:284)
	at kotlinx.coroutines.BlockingCoroutine.joinBlocking(Builders.kt:85)
	at kotlinx.coroutines.BuildersKt__BuildersKt.runBlocking(Builders.kt:59)
	at kotlinx.coroutines.BuildersKt.runBlocking(Unknown Source)
	at kotlinx.coroutines.BuildersKt__BuildersKt.runBlocking$default(Builders.kt:38)
	at kotlinx.coroutines.BuildersKt.runBlocking$default(Unknown Source)
	at com.google.testing.platform.main.MainKt.main(Main.kt:73)
	at com.google.testing.platform.main.MainKt.main$default(Main.kt:35)
	at com.google.testing.platform.main.MainKt.main(Main.kt)
	at java.base/jdk.internal.reflect.NativeMethodAccessorImpl.invoke0(Native Method)
	at java.base/jdk.internal.reflect.NativeMethodAccessorImpl.invoke(NativeMethodAccessorImpl.java:77)
	at java.base/jdk.internal.reflect.DelegatingMethodAccessorImpl.invoke(DelegatingMethodAccessorImpl.java:43)
	at java.base/java.lang.reflect.Method.invoke(Method.java:569)
	at com.google.testing.platform.launcher.Launcher.main(Launcher.java:154)
Caused by: com.android.ddmlib.AdbCommandRejectedException: device 'REDACTED_SERIAL_XIAOMI' not found
	at com.android.ddmlib.AdbHelper.setDevice(AdbHelper.java:981)
	at com.android.ddmlib.AdbHelper.setDevice(AdbHelper.java:1000)
	at com.android.ddmlib.internal.DeviceImpl.lambda$executeRemoteCommand$18(DeviceImpl.java:785)
	at com.android.ddmlib.internal.DeviceImpl.logRun1(DeviceImpl.java:1801)
	at com.android.ddmlib.internal.DeviceImpl.executeRemoteCommand(DeviceImpl.java:755)
	at com.android.ddmlib.internal.DeviceImpl.lambda$executeRemoteCommand$15(DeviceImpl.java:618)
	at com.android.ddmlib.internal.DeviceImpl.logRun1(DeviceImpl.java:1801)
	at com.android.ddmlib.internal.DeviceImpl.executeRemoteCommand(DeviceImpl.java:615)
	at com.android.ddmlib.internal.DeviceImpl.lambda$executeShellCommand$14(DeviceImpl.java:573)
	at com.android.ddmlib.internal.DeviceImpl.logRun1(DeviceImpl.java:1801)
	at com.android.ddmlib.internal.DeviceImpl.executeShellCommand(DeviceImpl.java:570)
	at com.android.tools.utp.plugins.deviceprovider.ddmlib.DdmlibAndroidDevice.executeShellCommand(DdmlibAndroidDevice.kt)
	at com.android.tools.utp.plugins.deviceprovider.ddmlib.DdmlibAndroidDeviceController$executeAsync$deferred$1.invokeSuspend(DdmlibAndroidDeviceController.kt:171)
	at kotlin.coroutines.jvm.internal.BaseContinuationImpl.resumeWith(ContinuationImpl.kt:33)
	at kotlinx.coroutines.DispatchedTask.run(DispatchedTask.kt:106)
	at kotlinx.coroutines.scheduling.CoroutineScheduler.runSafely(CoroutineScheduler.kt:570)
	at kotlinx.coroutines.scheduling.CoroutineScheduler$Worker.executeTask(CoroutineScheduler.kt:749)
	at kotlinx.coroutines.scheduling.CoroutineScheduler$Worker.runWorker(CoroutineScheduler.kt:677)
	at kotlinx.coroutines.scheduling.CoroutineScheduler$Worker.run(CoroutineScheduler.kt:664)
